// Jest Snapshot v1, https://goo.gl/fbAQLP

exports[`should take a snapshot 1`] = `
<DocumentFragment>
  <div
    class="App"
  >
    <header
      class="header"
    >
      <a
        class="header__logo"
        href="/"
        title="back to homepage"
      >
        <img
          alt="logo"
          src="airbnb-logo.svg"
        />
      </a>
      <div
        class="header-right"
      >
        <label
          class="switch"
        >
          <input
            type="checkbox"
          />
          <span
            class="slider round toggle"
          >
            <img
              alt="night-icon"
              src="night-icon.svg"
            />
            <img
              alt="sunny-icon"
              src="sunny-icon.svg"
            />
          </span>
        </label>
        <nav
          class="header__nav"
        >
          <ul>
            <li
              class="nav-item"
            >
              <a
                href="/become-a-host"
              >
                 Become a host
              </a>
            </li>
            <li
              class="nav-item"
            >
              <a
                href="/help"
              >
                 Help 
              </a>
            </li>
            <li
              class="nav-item"
            >
              <a
                href="/sign-up"
              >
                 Sign up
              </a>
            </li>
            <li
              class="nav-item"
            >
              <a
                href="/login"
              >
                 Login
              </a>
            </li>
          </ul>
        </nav>
      </div>
    </header>
    <div
      class="autocomplete"
    >
      <div
        class="search__bar"
      >
        <button
          class="search__button"
          type="submit"
        >
          <img
            alt="search-icon"
            class="search__icon"
            src="search-icon.svg"
          />
        </button>
        <input
          class="search__input"
          placeholder="Try Viet Nam"
          type="text"
          value=""
        />
      </div>
    </div>
  </div>
</DocumentFragment>
`;
